--------- beginning of system
12-16 14:25:54.083   743   836 W ActivityTaskManager: callingPackage for (uid=2000, pid=18258) has no WPC
12-16 14:25:54.083   743   836 V WindowManager: DesktopModeLaunchParamsModifier: phase= 0 task=null activity=null display-area-from-current-params=null display-area-from-default-fallback=DefaultTaskDisplayArea@243536539 display-id=0 task-display-area-windowing-mode=1 suggested-display-area=DefaultTaskDisplayArea@243536539 task null, skipping
12-16 14:25:54.084   743   836 V WindowManager: TaskLaunchParamsModifier:phase=0 task=null activity=null display-area-from-current-params=null display-area-from-default-fallback=DefaultTaskDisplayArea@243536539 display-id=0 task-display-area-windowing-mode=1 suggested-display-area=DefaultTaskDisplayArea@243536539
--------- beginning of main
12-16 14:25:54.085   743   836 V GrammaticalInflectionUtils: AttributionSource: android.content.AttributionSource@6434947d does not have READ_SYSTEM_GRAMMATICAL_GENDER permission.
12-16 14:25:54.086   743   836 V WindowManager: DesktopModeLaunchParamsModifier: phase= 0 task=null activity=ActivityRecord{53277830 u0 com.anurag.foodorderingapp/.MainActivity display-area-from-current-params=null display-area-for-record=DefaultTaskDisplayArea@243536539 display-id=0 task-display-area-windowing-mode=1 suggested-display-area=DefaultTaskDisplayArea@243536539 task null, skipping
12-16 14:25:54.086   743   836 V WindowManager: TaskLaunchParamsModifier:phase=0 task=null activity=ActivityRecord{53277830 u0 com.anurag.foodorderingapp/.MainActivity t-1} display-area-from-current-params=null display-area-for-record=DefaultTaskDisplayArea@243536539 display-id=0 task-display-area-windowing-mode=1 suggested-display-area=DefaultTaskDisplayArea@243536539
12-16 14:25:54.086   743   836 V WindowManager: DesktopModeLaunchParamsModifier: phase= 3 task=Task{f7693d3 #64 type=standard A=10223:com.anurag.foodorderingapp} activity=ActivityRecord{53277830 u0 com.anurag.foodorderingapp/.MainActivity t-1} display-from-task=0 display-id=0 task-display-area-windowing-mode=1 suggested-display-area=DefaultTaskDisplayArea@243536539 not entering desktop mode, skipping
12-16 14:25:54.086   743   836 V WindowManager: TaskLaunchParamsModifier:phase=3 task=Task{f7693d3 #64 type=standard A=10223:com.anurag.foodorderingapp} activity=ActivityRecord{53277830 u0 com.anurag.foodorderingapp/.MainActivity t-1} display-from-task=0 display-id=0 task-display-area-windowing-mode=1 suggested-display-area=DefaultTaskDisplayArea@243536539 inherit-from-task=fullscreen non-freeform-task-display-area display-area=DefaultTaskDisplayArea@243536539 skip-bounds-fullscreen
12-16 14:25:54.087   743   836 V WindowManager: DesktopModeLaunchParamsModifier: phase= 3 task=Task{f7693d3 #64 type=standard A=10223:com.anurag.foodorderingapp} activity=ActivityRecord{53277830 u0 com.anurag.foodorderingapp/.MainActivity t-1} display-from-task=0 display-id=0 task-display-area-windowing-mode=1 suggested-display-area=DefaultTaskDisplayArea@243536539 not entering desktop mode, skipping
12-16 14:25:54.087   743   836 V WindowManager: TaskLaunchParamsModifier:phase=3 task=Task{f7693d3 #64 type=standard A=10223:com.anurag.foodorderingapp} activity=ActivityRecord{53277830 u0 com.anurag.foodorderingapp/.MainActivity t-1} display-from-task=0 display-id=0 task-display-area-windowing-mode=1 suggested-display-area=DefaultTaskDisplayArea@243536539 inherit-from-task=fullscreen non-freeform-task-display-area display-area=DefaultTaskDisplayArea@243536539 skip-bounds-fullscreen
12-16 14:25:54.090   585   632 I libbinder.BpBinder: onLastStrongRef automatically unlinking death recipients for descriptor: '(not cached)'
12-16 14:25:54.090  4582  8899 D KeyguardService: setOccluded(false)
12-16 14:25:54.091   743   836 I ActivityTaskManager: START u0 {flg=0x10000000 xflg=0x5 cmp=com.anurag.foodorderingapp/.MainActivity} with LAUNCH_SINGLE_TASK from uid 2000 (com.android.shell) (BAL_ALLOW_PERMISSION) result code=3
12-16 14:25:54.091  4582  8899 D KeyguardViewMediator: setOccluded(false)
12-16 14:25:54.091  4582  4582 D KeyguardViewMediator: handleSetOccluded(false)
12-16 14:25:54.092  4582  4582 D KeyguardViewMediator: KeyguardViewMediator queue processing message: SET_OCCLUDED
12-16 14:25:54.093  4582  4652 D WindowManagerShell: onActivityRestartAttempt: topActivity=ComponentInfo{com.anurag.foodorderingapp/com.anurag.foodorderingapp.MainActivity}, wasVisible=true, displayId=0, pipDisplayLayoutState#displayId=0
12-16 14:25:54.094 18158 18158 W unknown:BridgelessReact: ReactHost{0}.onHostPause(activity)
12-16 14:25:54.095 18158 18158 D WindowOnBackDispatcher: setTopOnBackInvokedCallback (unwrapped): null
12-16 14:25:54.095   743   836 D CoreBackPreview: Window{bcfedd9 u0 com.anurag.foodorderingapp/com.anurag.foodorderingapp.MainActivity}: Setting back callback null
12-16 14:25:54.103 18158 18158 W unknown:BridgelessReact: ReactHost{0}.raiseSoftException(onNewIntent(intent = "Intent { flg=0x10000000 xflg=0x5 cmp=com.anurag.foodorderingapp/.MainActivity }")): Tried to access onNewIntent while context is not ready
12-16 14:25:54.103 18158 18158 E unknown:ReactHost: Unhandled SoftException
12-16 14:25:54.103 18158 18158 E unknown:ReactHost: com.facebook.react.bridge.ReactNoCrashSoftException: raiseSoftException(onNewIntent(intent = "Intent { flg=0x10000000 xflg=0x5 cmp=com.anurag.foodorderingapp/.MainActivity }")): Tried to access onNewIntent while context is not ready
12-16 14:25:54.103 18158 18158 E unknown:ReactHost: 	at com.facebook.react.runtime.ReactHostImpl.raiseSoftException(ReactHostImpl.kt:787)
12-16 14:25:54.103 18158 18158 E unknown:ReactHost: 	at com.facebook.react.runtime.ReactHostImpl.raiseSoftException₹default(ReactHostImpl.kt:779)
12-16 14:25:54.103 18158 18158 E unknown:ReactHost: 	at com.facebook.react.runtime.ReactHostImpl.onNewIntent(ReactHostImpl.kt:614)
12-16 14:25:54.103 18158 18158 E unknown:ReactHost: 	at com.facebook.react.ReactDelegate.onNewIntent(ReactDelegate.kt:184)
12-16 14:25:54.103 18158 18158 E unknown:ReactHost: 	at com.facebook.react.ReactActivityDelegate.onNewIntent(ReactActivityDelegate.java:232)
12-16 14:25:54.103 18158 18158 E unknown:ReactHost: 	at expo.modules.ReactActivityDelegateWrapper.onNewIntent(ReactActivityDelegateWrapper.kt:346)
12-16 14:25:54.103 18158 18158 E unknown:ReactHost: 	at com.facebook.react.ReactActivity.onNewIntent(ReactActivity.java:131)
12-16 14:25:54.103 18158 18158 E unknown:ReactHost: 	at android.app.Activity.onNewIntent(Activity.java:2526)
12-16 14:25:54.103 18158 18158 E unknown:ReactHost: 	at android.app.Activity.performNewIntent(Activity.java:9333)
12-16 14:25:54.103 18158 18158 E unknown:ReactHost: 	at android.app.Instrumentation.callActivityOnNewIntent(Instrumentation.java:1661)
12-16 14:25:54.103 18158 18158 E unknown:ReactHost: 	at android.app.Instrumentation.internalCallActivityOnNewIntent(Instrumentation.java:1682)
12-16 14:25:54.103 18158 18158 E unknown:ReactHost: 	at android.app.Instrumentation.callActivityOnNewIntent(Instrumentation.java:1670)
12-16 14:25:54.103 18158 18158 E unknown:ReactHost: 	at android.app.ActivityThread.deliverNewIntents(ActivityThread.java:4744)
12-16 14:25:54.103 18158 18158 E unknown:ReactHost: 	at android.app.ActivityThread.handleNewIntent(ActivityThread.java:4754)
12-16 14:25:54.103 18158 18158 E unknown:ReactHost: 	at android.app.servertransaction.NewIntentItem.execute(NewIntentItem.java:69)
12-16 14:25:54.103 18158 18158 E unknown:ReactHost: 	at android.app.servertransaction.ActivityTransactionItem.execute(ActivityTransactionItem.java:63)
12-16 14:25:54.103 18158 18158 E unknown:ReactHost: 	at android.app.servertransaction.TransactionExecutor.executeNonLifecycleItem(TransactionExecutor.java:133)
12-16 14:25:54.103 18158 18158 E unknown:ReactHost: 	at android.app.servertransaction.TransactionExecutor.executeTransactionItems(TransactionExecutor.java:103)
12-16 14:25:54.103 18158 18158 E unknown:ReactHost: 	at android.app.servertransaction.TransactionExecutor.execute(TransactionExecutor.java:80)
12-16 14:25:54.103 18158 18158 E unknown:ReactHost: 	at android.app.ActivityThread₹H.handleMessage(ActivityThread.java:2961)
12-16 14:25:54.103 18158 18158 E unknown:ReactHost: 	at android.os.Handler.dispatchMessage(Handler.java:132)
12-16 14:25:54.103 18158 18158 E unknown:ReactHost: 	at android.os.Looper.dispatchMessage(Looper.java:333)
12-16 14:25:54.103 18158 18158 E unknown:ReactHost: 	at android.os.Looper.loopOnce(Looper.java:263)
12-16 14:25:54.103 18158 18158 E unknown:ReactHost: 	at android.os.Looper.loop(Looper.java:367)
12-16 14:25:54.103 18158 18158 E unknown:ReactHost: 	at android.app.ActivityThread.main(ActivityThread.java:9282)
12-16 14:25:54.103 18158 18158 E unknown:ReactHost: 	at java.lang.reflect.Method.invoke(Native Method)
12-16 14:25:54.103 18158 18158 E unknown:ReactHost: 	at com.android.internal.os.RuntimeInit₹MethodAndArgsCaller.run(RuntimeInit.java:566)
12-16 14:25:54.103 18158 18158 E unknown:ReactHost: 	at com.android.internal.os.ZygoteInit.main(ZygoteInit.java:929)
12-16 14:25:54.103 18158 18158 W unknown:BridgelessReact: ReactHost{0}.onHostResume(activity)
12-16 14:25:54.109   743   769 W ProcessStats: Tracking association SourceState{5a998fb system/1000 BFgs #14033} whose proc state 4 is better than process ProcessState{5c01b41 com.google.android.ext.services/10210 pkg=com.google.android.ext.services} proc state 14 (11 skipped)
12-16 14:25:54.109   743   965 D BackgroundInstallControlService: Package event received: 0
12-16 14:25:54.109   743   965 D BackgroundInstallControlService: Package event received: 0
12-16 14:25:54.112   743   965 D BackgroundInstallControlService: Package event received: 0
12-16 14:25:54.113   743   965 D BackgroundInstallControlService: Package event received: 0
12-16 14:25:54.113   743   965 D BackgroundInstallControlService: Package event received: 0
12-16 14:25:54.113   743   965 D BackgroundInstallControlService: Package event received: 0
12-16 14:25:54.113   743   965 D BackgroundInstallControlService: Package event received: 0
12-16 14:25:54.113   743   965 D BackgroundInstallControlService: Package event received: 0
12-16 14:25:54.113   743   965 D BackgroundInstallControlService: Package event received: 0
12-16 14:25:54.113   743   965 D BackgroundInstallControlService: Package event received: 0
12-16 14:25:54.115 18158 18261 W unknown:ReconnectingWebSocket: Couldn't connect to "ws://10.0.2.2:8081/message?device=sdk_gphone64_x86_64%20-%2016%20-%20API%2036&app=com.anurag.foodorderingapp&clientid=BridgelessDevSupportManager", will silently retry
12-16 14:25:54.116   743   769 V WindowManager: Unknown focus tokens, dropping reportFocusChanged
12-16 14:25:54.126 18158 18158 W unknown:BridgelessReact: ReactHost{0}.raiseSoftException(onWindowFocusChange(hasFocus = "true")): Tried to access onWindowFocusChange while context is not ready
12-16 14:25:54.127 18158 18158 E unknown:ReactHost: Unhandled SoftException
12-16 14:25:54.127 18158 18158 E unknown:ReactHost: com.facebook.react.bridge.ReactNoCrashSoftException: raiseSoftException(onWindowFocusChange(hasFocus = "true")): Tried to access onWindowFocusChange while context is not ready
12-16 14:25:54.127 18158 18158 E unknown:ReactHost: 	at com.facebook.react.runtime.ReactHostImpl.raiseSoftException(ReactHostImpl.kt:787)
12-16 14:25:54.127 18158 18158 E unknown:ReactHost: 	at com.facebook.react.runtime.ReactHostImpl.raiseSoftException₹default(ReactHostImpl.kt:779)
12-16 14:25:54.127 18158 18158 E unknown:ReactHost: 	at com.facebook.react.runtime.ReactHostImpl.onWindowFocusChange(ReactHostImpl.kt:589)
12-16 14:25:54.127 18158 18158 E unknown:ReactHost: 	at com.facebook.react.ReactDelegate.onWindowFocusChanged(ReactDelegate.kt:217)
12-16 14:25:54.127 18158 18158 E unknown:ReactHost: 	at com.facebook.react.ReactActivityDelegate.onWindowFocusChanged(ReactActivityDelegate.java:236)
12-16 14:25:54.127 18158 18158 E unknown:ReactHost: 	at expo.modules.ReactActivityDelegateWrapper₹onWindowFocusChanged₹1.invokeSuspend(ReactActivityDelegateWrapper.kt:353)
12-16 14:25:54.127 18158 18158 E unknown:ReactHost: 	at expo.modules.ReactActivityDelegateWrapper₹onWindowFocusChanged₹1.invoke(Unknown Source:8)
12-16 14:25:54.127 18158 18158 E unknown:ReactHost: 	at expo.modules.ReactActivityDelegateWrapper₹onWindowFocusChanged₹1.invoke(Unknown Source:4)
12-16 14:25:54.127 18158 18158 E unknown:ReactHost: 	at expo.modules.ReactActivityDelegateWrapper₹launchLifecycleScopeWithLock₹1.invokeSuspend(ReactActivityDelegateWrapper.kt:485)
12-16 14:25:54.127 18158 18158 E unknown:ReactHost: 	at kotlin.coroutines.jvm.internal.BaseContinuationImpl.resumeWith(ContinuationImpl.kt:33)
12-16 14:25:54.127 18158 18158 E unknown:ReactHost: 	at kotlinx.coroutines.internal.DispatchedContinuationKt.resumeCancellableWith(DispatchedContinuation.kt:359)
12-16 14:25:54.127 18158 18158 E unknown:ReactHost: 	at kotlinx.coroutines.intrinsics.CancellableKt.startCoroutineCancellable(Cancellable.kt:26)
12-16 14:25:54.127 18158 18158 E unknown:ReactHost: 	at kotlinx.coroutines.CoroutineStart.invoke(CoroutineStart.kt:358)
12-16 14:25:54.127 18158 18158 E unknown:ReactHost: 	at kotlinx.coroutines.AbstractCoroutine.start(AbstractCoroutine.kt:124)
12-16 14:25:54.127 18158 18158 E unknown:ReactHost: 	at kotlinx.coroutines.BuildersKt__Builders_commonKt.launch(Builders.common.kt:52)
12-16 14:25:54.127 18158 18158 E unknown:ReactHost: 	at kotlinx.coroutines.BuildersKt.launch(Unknown Source:1)
12-16 14:25:54.127 18158 18158 E unknown:ReactHost: 	at kotlinx.coroutines.BuildersKt__Builders_commonKt.launch₹default(Builders.common.kt:43)
12-16 14:25:54.127 18158 18158 E unknown:ReactHost: 	at kotlinx.coroutines.BuildersKt.launch₹default(Unknown Source:1)
12-16 14:25:54.127 18158 18158 E unknown:ReactHost: 	at expo.modules.ReactActivityDelegateWrapper.launchLifecycleScopeWithLock(ReactActivityDelegateWrapper.kt:483)
12-16 14:25:54.127 18158 18158 E unknown:ReactHost: 	at expo.modules.ReactActivityDelegateWrapper.launchLifecycleScopeWithLock₹default(ReactActivityDelegateWrapper.kt:479)
12-16 14:25:54.127 18158 18158 E unknown:ReactHost: 	at expo.modules.ReactActivityDelegateWrapper.onWindowFocusChanged(ReactActivityDelegateWrapper.kt:351)
12-16 14:25:54.127 18158 18158 E unknown:ReactHost: 	at com.facebook.react.ReactActivity.onWindowFocusChanged(ReactActivity.java:158)
12-16 14:25:54.127 18158 18158 E unknown:ReactHost: 	at androidx.appcompat.view.WindowCallbackWrapper.onWindowFocusChanged(WindowCallbackWrapper.java:124)
12-16 14:25:54.127 18158 18158 E unknown:ReactHost: 	at com.android.internal.policy.DecorView.onWindowFocusChanged(DecorView.java:1797)
12-16 14:25:54.127 18158 18158 E unknown:ReactHost: 	at android.view.View.dispatchWindowFocusChanged(View.java:17124)
12-16 14:25:54.127 18158 18158 E unknown:ReactHost: 	at android.view.ViewGroup.dispatchWindowFocusChanged(ViewGroup.java:1529)
12-16 14:25:54.127 18158 18158 E unknown:ReactHost: 	at android.view.ViewRootImpl.dispatchFocusEvent(ViewRootImpl.java:4962)
12-16 14:25:54.127 18158 18158 E unknown:ReactHost: 	at android.view.ViewRootImpl.handleWindowFocusChanged(ViewRootImpl.java:4866)
12-16 14:25:54.127 18158 18158 E unknown:ReactHost: 	at android.view.ViewRootImpl.-₹₹Nest₹mhandleWindowFocusChanged(Unknown Source:0)
12-16 14:25:54.127 18158 18158 E unknown:ReactHost: 	at android.view.ViewRootImpl₹ViewRootHandler.handleMessageImpl(ViewRootImpl.java:7118)
12-16 14:25:54.127 18158 18158 E unknown:ReactHost: 	at android.view.ViewRootImpl₹ViewRootHandler.handleMessage(ViewRootImpl.java:7026)
12-16 14:25:54.127 18158 18158 E unknown:ReactHost: 	at android.os.Handler.dispatchMessage(Handler.java:132)
12-16 14:25:54.127 18158 18158 E unknown:ReactHost: 	at android.os.Looper.dispatchMessage(Looper.java:333)
12-16 14:25:54.127 18158 18158 E unknown:ReactHost: 	at android.os.Looper.loopOnce(Looper.java:263)
12-16 14:25:54.127 18158 18158 E unknown:ReactHost: 	at android.os.Looper.loop(Looper.java:367)
12-16 14:25:54.127 18158 18158 E unknown:ReactHost: 	at android.app.ActivityThread.main(ActivityThread.java:9282)
12-16 14:25:54.127 18158 18158 E unknown:ReactHost: 	at java.lang.reflect.Method.invoke(Native Method)
12-16 14:25:54.127 18158 18158 E unknown:ReactHost: 	at com.android.internal.os.RuntimeInit₹MethodAndArgsCaller.run(RuntimeInit.java:566)
12-16 14:25:54.127 18158 18158 E unknown:ReactHost: 	at com.android.internal.os.ZygoteInit.main(ZygoteInit.java:929)
12-16 14:25:54.129   743   872 I ImeTracker: com.anurag.foodorderingapp:9b53581d: onRequestHide at ORIGIN_SERVER reason HIDE_UNSPECIFIED_WINDOW fromUser false
12-16 14:25:54.130 18158 18158 D InsetsController: hide(ime())
12-16 14:25:54.130 18158 18158 I ImeTracker: com.anurag.foodorderingapp:9b53581d: onCancelled at PHASE_CLIENT_ALREADY_HIDDEN
12-16 14:25:54.131  6848  6848 I GoogleInputMethodService: GoogleInputMethodService.onFinishInput():2097 
12-16 14:25:54.132   743  1509 I ImeTracker: system_server:f559e62b: onRequestHide at ORIGIN_SERVER reason IME_REQUESTED_CHANGED_LISTENER fromUser false
12-16 14:25:54.132  6848  6848 I Module  : DeviceLockedStatusModuleProvider₹Module.updateDeviceLockedStatus():103 repeatCheckTimes = 0, locked = false
12-16 14:25:54.132   743   769 I ImeTracker: system_server:f559e62b: onCancelled at PHASE_SERVER_SHOULD_HIDE
12-16 14:25:54.132  6848  6848 I GoogleInputMethodService: GoogleInputMethodService.onStartInput():1347 onStartInput(EditorInfo{EditorInfo{packageName=com.anurag.foodorderingapp, inputType=0, inputTypeString=NULL, enableLearning=false, autoCorrection=false, autoComplete=false, imeOptions=0, privateImeOptions=null, actionName=UNSPECIFIED, actionLabel=null, initialSelStart=-1, initialSelEnd=-1, initialCapsMode=0, label=null, fieldId=0, fieldName=null, extras=null, hintText=null, hintLocales=[]}}, false)
12-16 14:25:54.133  6848  6848 I Module  : DeviceLockedStatusModuleProvider₹Module.updateDeviceLockedStatus():103 repeatCheckTimes = 1, locked = false
12-16 14:25:54.133   743  1579 W PackageConfigPersister: App-specific configuration not found for packageName: com.anurag.foodorderingapp and userId: 0
12-16 14:25:54.232   743  1579 W AppOps  : Noting op not finished: uid 10147 pkg com.google.android.gms code 113 startTime of in progress event=1765873252385
12-16 14:25:54.288   743   906 I HalDevMgr: bestIfaceCreationProposal is null, requestIface=STA, existingIface=[name=wlan0 type=STA]
12-16 14:25:55.390   993   993 I wpa_supplicant: wlan0: CTRL-EVENT-BEACON-LOSS 
12-16 14:25:57.293   743   906 I HalDevMgr: bestIfaceCreationProposal is null, requestIface=STA, existingIface=[name=wlan0 type=STA]
