--------- beginning of system
12-16 14:27:09.131   743   852 D ActivityManager: freezing 18391 com.google.android.documentsui
--------- beginning of main
12-16 14:27:09.132   743   912 D InetDiagMessage: Destroyed 0 sockets, proto=IPPROTO_TCP, family=AF_INET, states=14
12-16 14:27:09.132   743   912 D InetDiagMessage: Destroyed 0 sockets, proto=IPPROTO_TCP, family=AF_INET6, states=14
12-16 14:27:09.132   743   912 D InetDiagMessage: Destroyed live tcp sockets for uids={10102} in 1ms
12-16 14:27:09.163   743   852 D ActivityManager: freezing 18428 com.android.externalstorage
12-16 14:27:09.163   743   776 W libbinder.IPCThreadState: Sending oneway calls to frozen process.
12-16 14:27:09.164   743   912 D InetDiagMessage: Destroyed 0 sockets, proto=IPPROTO_TCP, family=AF_INET, states=14
12-16 14:27:09.164   743   912 D InetDiagMessage: Destroyed 0 sockets, proto=IPPROTO_TCP, family=AF_INET6, states=14
12-16 14:27:09.164   743   912 D InetDiagMessage: Destroyed live tcp sockets for uids={10104} in 1ms
12-16 14:27:09.330   743   852 D ActivityManager: freezing 18440 android.process.media
12-16 14:27:09.331   743   912 D InetDiagMessage: Destroyed 0 sockets, proto=IPPROTO_TCP, family=AF_INET, states=14
12-16 14:27:09.331   743   912 D InetDiagMessage: Destroyed 0 sockets, proto=IPPROTO_TCP, family=AF_INET6, states=14
12-16 14:27:09.331   743   912 D InetDiagMessage: Destroyed live tcp sockets for uids={10103} in 1ms
12-16 14:27:09.572   743   906 I HalDevMgr: bestIfaceCreationProposal is null, requestIface=STA, existingIface=[name=wlan0 type=STA]
12-16 14:27:10.346  1336  3630 I libbinder.IPCThreadState: oneway function results for code 1 on binder at 0x7c99af47c2b0 will be dropped but finished with status UNKNOWN_TRANSACTION and reply parcel size 80
12-16 14:27:11.084   257 18338 I keystore2: system/security/keystore2/watchdog/src/lib.rs:371 - Watchdog thread idle -> terminating. Have a great day.
12-16 14:27:11.285  1143  1295 D SatelliteController: iisInCarrierRoamingNbIotNtn: satellite is disabled
12-16 14:27:11.285   743   835 W libbinder.IPCThreadState: Sending oneway calls to frozen process.
12-16 14:27:11.286  1143  1295 D SatelliteController: getCarrierRoamingNtnConnectType: Falling back to global carrier config connect type: 0
12-16 14:27:11.529   743   852 D ActivityManager: freezing 18468 com.google.android.packageinstaller
12-16 14:27:11.529   743   912 D InetDiagMessage: Destroyed 0 sockets, proto=IPPROTO_TCP, family=AF_INET, states=14
12-16 14:27:11.530   743   912 D InetDiagMessage: Destroyed 0 sockets, proto=IPPROTO_TCP, family=AF_INET6, states=14
12-16 14:27:11.530   743   912 D InetDiagMessage: Destroyed live tcp sockets for uids={10105} in 0ms
12-16 14:27:11.720   743   852 D ActivityManager: freezing 5421 com.android.vending:background
12-16 14:27:11.721   743   852 D ActivityManager: freezing 5399 com.android.vending
12-16 14:27:11.761   743   912 D InetDiagMessage: Destroyed 0 sockets, proto=IPPROTO_TCP, family=AF_INET, states=14
12-16 14:27:11.762   743   912 D InetDiagMessage: Destroyed 2 sockets, proto=IPPROTO_TCP, family=AF_INET6, states=14
12-16 14:27:11.762   743   912 D InetDiagMessage: Destroyed live tcp sockets for uids={10145} in 2ms
12-16 14:27:12.253 18484 18488 W foodorderingapp: userfaultfd: MOVE ioctl seems unsupported: Connection timed out
12-16 14:27:12.575   743   906 I HalDevMgr: bestIfaceCreationProposal is null, requestIface=STA, existingIface=[name=wlan0 type=STA]
12-16 14:27:13.354   743   912 D InetDiagMessage: Destroyed 0 sockets, proto=IPPROTO_TCP, family=AF_INET, states=14
12-16 14:27:13.355   743   912 D InetDiagMessage: Destroyed 0 sockets, proto=IPPROTO_TCP, family=AF_INET6, states=14
12-16 14:27:13.355   743   912 D InetDiagMessage: Destroyed live tcp sockets for uids={10151} in 0ms
12-16 14:27:13.355   743   912 D InetDiagMessage: Destroyed 0 sockets, proto=IPPROTO_TCP, family=AF_INET, states=14
12-16 14:27:13.355   743   912 D InetDiagMessage: Destroyed 0 sockets, proto=IPPROTO_TCP, family=AF_INET6, states=14
12-16 14:27:13.355   743   912 D InetDiagMessage: Destroyed live tcp sockets for uids={20151} in 1ms
12-16 14:27:13.887  6457  6457 D BoundBrokerSvc: onUnbind: Intent { act=com.google.android.gms.feedback.internal.IFeedbackService dat=chimera-action:/... xflg=0x4 cmp=com.google.android.gms/.chimera.GmsBoundBrokerService }
